Sun Aug  3 01:01:39 PM +07 2025 - System test
